[34m===== SYSTEM INFO =====[0m
User: aman
Date: Fri Feb 20 01:47:04 PM IST 2026
Hostname: aman-dev

[34m===== CPU USAGE =====[0m
CPU Usage: 66.7%

[34m===== RAM INFO =====[0m
               total        used        free      shared  buff/cache   available
Mem:           7.6Gi       2.9Gi       3.0Gi       462Mi       2.5Gi       4.7Gi
Swap:          4.0Gi          0B       4.0Gi

[34m===== DISK INFO =====[0m
Filesystem      Size  Used Avail Use% Mounted on
tmpfs           781M  2.0M  779M   1% /run
/dev/sda2       233G   26G  196G  12% /
tmpfs           3.9G  164M  3.7G   5% /dev/shm
tmpfs           5.0M  8.0K  5.0M   1% /run/lock
efivarfs        384K  278K  102K  74% /sys/firmware/efi/efivars
/dev/sda1       1.1G  6.2M  1.1G   1% /boot/efi
tmpfs           781M  124K  781M   1% /run/user/1000

[34m===== DEV TOOLS =====[0m
[32mnode installed â†’ v20.20.0[0m
[32mgit installed â†’ git version 2.43.0[0m
[31mdocker NOT installed[0m
[32mpython3 installed â†’ Python 3.12.3[0m
[32mnpm installed â†’ 10.8.2[0m

